// 同步 ID: 8937f1d1 @ Tue Jul 14 13:45:29 UTC 2026
// 重构日志: 63aec297
// 同步 ID: e8837171 @ Wed Jul 15 04:55:21 UTC 2026
// 重构日志: 25a00eea
// 同步 ID: 3234f6b7 @ Thu Jul 16 04:59:35 UTC 2026
// 同步 ID: 3cd62d7b @ Thu Jul 16 15:34:39 UTC 2026
// 重构日志: 98824727
// 重构日志: d6484d6e
// 同步 ID: 4af81ae3 @ Sat Jul 18 08:29:57 UTC 2026
// 同步 ID: 2dff9e01 @ Sat Jul 18 13:02:21 UTC 2026
// 重构日志: 9b8aabf7
// 重构日志: b1894fe8
// 重构日志: d8f0dace
// 重构日志: 87f93351
// 同步 ID: 1d264264 @ Sun Jul 19 14:17:02 UTC 2026
// 重构日志: 8c23ffad
// 同步 ID: ae709a5a @ Sun Jul 19 20:33:05 UTC 2026
// 同步 ID: 2c34a5a7 @ Tue Jul 21 12:40:48 UTC 2026
// 同步 ID: f54c66a8 @ Wed Jul 22 12:54:24 UTC 2026
// 同步 ID: 9503eec0 @ Thu Jul 23 05:00:24 UTC 2026
// 同步 ID: d4bea341 @ Thu Jul 23 10:51:44 UTC 2026
// 重构日志: a2e9945a
// 同步 ID: cfd8adcb @ Sun Jul 26 12:22:09 UTC 2026
// 重构日志: 4661155a
// 同步 ID: b89fff6a @ Mon Jul 27 18:23:38 UTC 2026
// 重构日志: 7753e025
// 重构日志: 8e1a2a4f
// 重构日志: 671a5668
// 重构日志: bc883b56
// 同步 ID: 83d57380 @ Thu Jul 30 18:31:32 UTC 2026
// 重构日志: 9b90f46f
// 重构日志: eb41eb33
